<html>
<body>
<pre>
<h1>礦ision Build Log</h1>
<h2>Tool Versions:</h2>
IDE-Version: μVision V5.14.0.0
Copyright (C) 2015 ARM Ltd and ARM Germany GmbH. All rights reserved.
License Information: 312321 zdg91@outlook.com, 12312, LIC=RC93N-YJMZZ-8TN3P-MHHJ3-3RT76-RBXQ0
 
Tool Versions:
Toolchain:       MDK-ARM Standard  Version: 5.14.0.0
Toolchain Path:  C:\Keil_v5\ARM\ARMCC\Bin
C Compiler:      Armcc.exe V5.05 update 1 (build 106)
Assembler:       Armasm.exe V5.05 update 1 (build 106)
Linker/Locator:  ArmLink.exe V5.05 update 1 (build 106)
Library Manager: ArmAr.exe V5.05 update 1 (build 106)
Hex Converter:   FromElf.exe V5.05 update 1 (build 106)
CPU DLL:         SARMCM3.DLL V5.14.0.0
Dialog DLL:      DCM.DLL V1.13.1.0
Target DLL:      UL2CM3.DLL V1.155.0.0
Dialog DLL:      TCM.DLL V1.14.4.0
 
<h2>Project:</h2>
C:\Users\zdg91\Desktop\图书馆智能座位系统\Project.uvprojx
Project File Date:  04/03/2026

<h2>Output:</h2>
Rebuild target 'Target 1'
assembling startup_stm32f10x_hd.s...
compiling stm32f10x_rcc.c...
compiling misc.c...
compiling stm32f10x_gpio.c...
compiling stm32f10x_tim.c...
compiling stm32f10x_usart.c...
compiling core_cm3.c...
compiling system_stm32f10x.c...
compiling main.c...
USER\delay.h(10): warning:  #1-D: last line of file ends without a newline
  #endif
USER\timer.h(9): warning:  #1-D: last line of file ends without a newline
  #endif
USER\serial.h(19): warning:  #1-D: last line of file ends without a newline
  #endif
USER\radar.h(14): warning:  #1-D: last line of file ends without a newline
  #endif
USER\json.h(7): warning:  #1-D: last line of file ends without a newline
  #endif
USER\esp8266.h(14): warning:  #1-D: last line of file ends without a newline
  #endif
USER\config.h(20): warning:  #1-D: last line of file ends without a newline
  #endif
USER\main.c(118): warning:  #1-D: last line of file ends without a newline
  }
USER\main.c: 8 warnings, 0 errors
compiling esp8266.c...
USER\esp8266.h(14): warning:  #1-D: last line of file ends without a newline
  #endif
USER\serial.h(19): warning:  #1-D: last line of file ends without a newline
  #endif
USER\delay.h(10): warning:  #1-D: last line of file ends without a newline
  #endif
USER\timer.h(9): warning:  #1-D: last line of file ends without a newline
  #endif
USER\config.h(20): warning:  #1-D: last line of file ends without a newline
  #endif
USER\esp8266.c(223): warning:  #1-D: last line of file ends without a newline
  }
USER\esp8266.c: 6 warnings, 0 errors
compiling delay.c...
USER\delay.h(10): warning:  #1-D: last line of file ends without a newline
  #endif
USER\delay.c(21): warning:  #1-D: last line of file ends without a newline
  }
USER\delay.c: 2 warnings, 0 errors
compiling json.c...
.\USER\json.h(7): warning:  #1-D: last line of file ends without a newline
  #endif
.\USER\radar.h(14): warning:  #1-D: last line of file ends without a newline
  #endif
json.c(23): warning:  #1-D: last line of file ends without a newline
  }
json.c: 3 warnings, 0 errors
compiling serial.c...
USER\serial.h(19): warning:  #1-D: last line of file ends without a newline
  #endif
USER\serial.c(126): warning:  #1-D: last line of file ends without a newline
  }
USER\serial.c: 2 warnings, 0 errors
compiling radar.c...
USER\radar.h(14): warning:  #1-D: last line of file ends without a newline
  #endif
USER\radar.c(104): warning:  #1-D: last line of file ends without a newline
  }
USER\radar.c: 2 warnings, 0 errors
compiling timer.c...
USER\timer.h(9): warning:  #1-D: last line of file ends without a newline
  #endif
USER\timer.c(46): warning:  #1-D: last line of file ends without a newline
  }
USER\timer.c: 2 warnings, 0 errors
compiling stm32f10x_it.c...
linking...
Program Size: Code=9552 RO-data=592 RW-data=44 ZI-data=1796  
FromELF: creating hex file...
".\Objects\Project.axf" - 0 Error(s), 25 Warning(s).

<h2>Collection of Component include folders:</h2>
  C:\Users\zdg91\Desktop\图书馆智能座位系统\RTE
  C:\Keil_v5\ARM\PACK\Keil\STM32F1xx_DFP\1.0.5\Device\Include

<h2>Collection of Component Files used:</h2>
</pre>
</body>
</html>
